[     175ms] [ERROR] Failed to load resource: the server responded with a status of 404 (Not Found) @ http://localhost:3000/learn-more/nextImageExportOptimizer/globe-01-opt-10.WEBP:0
[     175ms] [ERROR] Failed to load resource: the server responded with a status of 404 (Not Found) @ http://localhost:3000/quote/nextImageExportOptimizer/sun-sm-01-opt-10.WEBP:0
[     175ms] [ERROR] Failed to load resource: the server responded with a status of 404 (Not Found) @ http://localhost:3000/quote/nextImageExportOptimizer/globe-sm-01-opt-10.WEBP:0
[     238ms] [ERROR] Failed to load resource: the server responded with a status of 404 (Not Found) @ http://localhost:3000/learn-more/nextImageExportOptimizer/globe-01-opt-1080.WEBP:0
[     239ms] [ERROR] Failed to load resource: the server responded with a status of 404 (Not Found) @ http://localhost:3000/quote/nextImageExportOptimizer/sun-sm-01-opt-828.WEBP:0
[     239ms] [ERROR] Failed to load resource: the server responded with a status of 404 (Not Found) @ http://localhost:3000/quote/nextImageExportOptimizer/globe-sm-01-opt-750.WEBP:0
[    1195ms] [INFO] %cDownload the React DevTools for a better development experience: https://react.dev/link/react-devtools font-weight:bold @ webpack-internal:///(app-pages-browser)/./node_modules/.pnpm/next@16.1.6_@babel+core@7.29.0_react-dom@19.2.4_react@19.2.4__react@19.2.4/node_modules/next/dist/next-devtools/shared/forward-logs-shared.js:27
[    1291ms] [LOG] [HMR] connected @ webpack-internal:///(app-pages-browser)/./node_modules/.pnpm/next@16.1.6_@babel+core@7.29.0_react-dom@19.2.4_react@19.2.4__react@19.2.4/node_modules/next/dist/next-devtools/shared/forward-logs-shared.js:27
[    1459ms] [LOG] [Fast Refresh] rebuilding @ webpack-internal:///(app-pages-browser)/./node_modules/.pnpm/next@16.1.6_@babel+core@7.29.0_react-dom@19.2.4_react@19.2.4__react@19.2.4/node_modules/next/dist/next-devtools/shared/forward-logs-shared.js:27
[    1519ms] [ERROR] Failed to load resource: the server responded with a status of 404 (Not Found) @ http://localhost:3000/learn-more/nextImageExportOptimizer/globe-01-opt-1080.WEBP:0
[    1519ms] [ERROR] Failed to load resource: the server responded with a status of 404 (Not Found) @ http://localhost:3000/quote/nextImageExportOptimizer/sun-sm-01-opt-828.WEBP:0
[    1520ms] [ERROR] Failed to load resource: the server responded with a status of 404 (Not Found) @ http://localhost:3000/quote/nextImageExportOptimizer/globe-sm-01-opt-750.WEBP:0
[    1544ms] [WARNING] Image with src "/learn-more/globe-01.png" has a "loader" property that does not implement width. Please implement it or use the "unoptimized" property instead.
Read more: https://nextjs.org/docs/messages/next-image-missing-loader-width @ webpack-internal:///(app-pages-browser)/./node_modules/.pnpm/next@16.1.6_@babel+core@7.29.0_react-dom@19.2.4_react@19.2.4__react@19.2.4/node_modules/next/dist/next-devtools/shared/forward-logs-shared.js:27
[    1544ms] [WARNING] Image with src "/quote/sun-sm-01.png" has a "loader" property that does not implement width. Please implement it or use the "unoptimized" property instead.
Read more: https://nextjs.org/docs/messages/next-image-missing-loader-width @ webpack-internal:///(app-pages-browser)/./node_modules/.pnpm/next@16.1.6_@babel+core@7.29.0_react-dom@19.2.4_react@19.2.4__react@19.2.4/node_modules/next/dist/next-devtools/shared/forward-logs-shared.js:27
[    1545ms] [WARNING] Image with src "/quote/globe-sm-01.png" has a "loader" property that does not implement width. Please implement it or use the "unoptimized" property instead.
Read more: https://nextjs.org/docs/messages/next-image-missing-loader-width @ webpack-internal:///(app-pages-browser)/./node_modules/.pnpm/next@16.1.6_@babel+core@7.29.0_react-dom@19.2.4_react@19.2.4__react@19.2.4/node_modules/next/dist/next-devtools/shared/forward-logs-shared.js:27
[    1738ms] [LOG] [Fast Refresh] done in 280ms @ webpack-internal:///(app-pages-browser)/./node_modules/.pnpm/next@16.1.6_@babel+core@7.29.0_react-dom@19.2.4_react@19.2.4__react@19.2.4/node_modules/next/dist/next-devtools/shared/forward-logs-shared.js:27
[    1754ms] [LOG] [Fast Refresh] rebuilding @ webpack-internal:///(app-pages-browser)/./node_modules/.pnpm/next@16.1.6_@babel+core@7.29.0_react-dom@19.2.4_react@19.2.4__react@19.2.4/node_modules/next/dist/next-devtools/shared/forward-logs-shared.js:27
[    1811ms] [LOG] [Fast Refresh] done in 58ms @ webpack-internal:///(app-pages-browser)/./node_modules/.pnpm/next@16.1.6_@babel+core@7.29.0_react-dom@19.2.4_react@19.2.4__react@19.2.4/node_modules/next/dist/next-devtools/shared/forward-logs-shared.js:27
[    1969ms] [LOG] [Fast Refresh] rebuilding @ webpack-internal:///(app-pages-browser)/./node_modules/.pnpm/next@16.1.6_@babel+core@7.29.0_react-dom@19.2.4_react@19.2.4__react@19.2.4/node_modules/next/dist/next-devtools/shared/forward-logs-shared.js:27
[    2007ms] [LOG] [Fast Refresh] done in 38ms @ webpack-internal:///(app-pages-browser)/./node_modules/.pnpm/next@16.1.6_@babel+core@7.29.0_react-dom@19.2.4_react@19.2.4__react@19.2.4/node_modules/next/dist/next-devtools/shared/forward-logs-shared.js:27
[    2171ms] [LOG] [Fast Refresh] rebuilding @ webpack-internal:///(app-pages-browser)/./node_modules/.pnpm/next@16.1.6_@babel+core@7.29.0_react-dom@19.2.4_react@19.2.4__react@19.2.4/node_modules/next/dist/next-devtools/shared/forward-logs-shared.js:27
[    2207ms] [LOG] [Fast Refresh] done in 36ms @ webpack-internal:///(app-pages-browser)/./node_modules/.pnpm/next@16.1.6_@babel+core@7.29.0_react-dom@19.2.4_react@19.2.4__react@19.2.4/node_modules/next/dist/next-devtools/shared/forward-logs-shared.js:27
[    2377ms] [LOG] [Fast Refresh] rebuilding @ webpack-internal:///(app-pages-browser)/./node_modules/.pnpm/next@16.1.6_@babel+core@7.29.0_react-dom@19.2.4_react@19.2.4__react@19.2.4/node_modules/next/dist/next-devtools/shared/forward-logs-shared.js:27
[    2424ms] [LOG] [Fast Refresh] done in 46ms @ webpack-internal:///(app-pages-browser)/./node_modules/.pnpm/next@16.1.6_@babel+core@7.29.0_react-dom@19.2.4_react@19.2.4__react@19.2.4/node_modules/next/dist/next-devtools/shared/forward-logs-shared.js:27
[    2592ms] [LOG] [Fast Refresh] rebuilding @ webpack-internal:///(app-pages-browser)/./node_modules/.pnpm/next@16.1.6_@babel+core@7.29.0_react-dom@19.2.4_react@19.2.4__react@19.2.4/node_modules/next/dist/next-devtools/shared/forward-logs-shared.js:27
[    2632ms] [LOG] [Fast Refresh] done in 39ms @ webpack-internal:///(app-pages-browser)/./node_modules/.pnpm/next@16.1.6_@babel+core@7.29.0_react-dom@19.2.4_react@19.2.4__react@19.2.4/node_modules/next/dist/next-devtools/shared/forward-logs-shared.js:27
[    2865ms] [LOG] [Fast Refresh] rebuilding @ webpack-internal:///(app-pages-browser)/./node_modules/.pnpm/next@16.1.6_@babel+core@7.29.0_react-dom@19.2.4_react@19.2.4__react@19.2.4/node_modules/next/dist/next-devtools/shared/forward-logs-shared.js:27
[    2909ms] [LOG] [Fast Refresh] done in 44ms @ webpack-internal:///(app-pages-browser)/./node_modules/.pnpm/next@16.1.6_@babel+core@7.29.0_react-dom@19.2.4_react@19.2.4__react@19.2.4/node_modules/next/dist/next-devtools/shared/forward-logs-shared.js:27
[    3144ms] [LOG] [Fast Refresh] rebuilding @ webpack-internal:///(app-pages-browser)/./node_modules/.pnpm/next@16.1.6_@babel+core@7.29.0_react-dom@19.2.4_react@19.2.4__react@19.2.4/node_modules/next/dist/next-devtools/shared/forward-logs-shared.js:27
[    3199ms] [LOG] [Fast Refresh] done in 54ms @ webpack-internal:///(app-pages-browser)/./node_modules/.pnpm/next@16.1.6_@babel+core@7.29.0_react-dom@19.2.4_react@19.2.4__react@19.2.4/node_modules/next/dist/next-devtools/shared/forward-logs-shared.js:27
[    3470ms] [LOG] [Fast Refresh] rebuilding @ webpack-internal:///(app-pages-browser)/./node_modules/.pnpm/next@16.1.6_@babel+core@7.29.0_react-dom@19.2.4_react@19.2.4__react@19.2.4/node_modules/next/dist/next-devtools/shared/forward-logs-shared.js:27
[    3520ms] [LOG] [Fast Refresh] done in 50ms @ webpack-internal:///(app-pages-browser)/./node_modules/.pnpm/next@16.1.6_@babel+core@7.29.0_react-dom@19.2.4_react@19.2.4__react@19.2.4/node_modules/next/dist/next-devtools/shared/forward-logs-shared.js:27
[    3709ms] [LOG] [Fast Refresh] rebuilding @ webpack-internal:///(app-pages-browser)/./node_modules/.pnpm/next@16.1.6_@babel+core@7.29.0_react-dom@19.2.4_react@19.2.4__react@19.2.4/node_modules/next/dist/next-devtools/shared/forward-logs-shared.js:27
[    3752ms] [LOG] [Fast Refresh] done in 43ms @ webpack-internal:///(app-pages-browser)/./node_modules/.pnpm/next@16.1.6_@babel+core@7.29.0_react-dom@19.2.4_react@19.2.4__react@19.2.4/node_modules/next/dist/next-devtools/shared/forward-logs-shared.js:27
[    3930ms] [LOG] [Fast Refresh] rebuilding @ webpack-internal:///(app-pages-browser)/./node_modules/.pnpm/next@16.1.6_@babel+core@7.29.0_react-dom@19.2.4_react@19.2.4__react@19.2.4/node_modules/next/dist/next-devtools/shared/forward-logs-shared.js:27
[    3984ms] [LOG] [Fast Refresh] done in 54ms @ webpack-internal:///(app-pages-browser)/./node_modules/.pnpm/next@16.1.6_@babel+core@7.29.0_react-dom@19.2.4_react@19.2.4__react@19.2.4/node_modules/next/dist/next-devtools/shared/forward-logs-shared.js:27
[    4460ms] [ERROR] Failed to load resource: the server responded with a status of 404 (Not Found) @ http://localhost:3000/learn-more/nextImageExportOptimizer/globe-01-opt-10.WEBP:0
[    4461ms] [ERROR] Failed to load resource: the server responded with a status of 404 (Not Found) @ http://localhost:3000/quote/nextImageExportOptimizer/sun-sm-01-opt-10.WEBP:0
[    4462ms] [ERROR] Failed to load resource: the server responded with a status of 404 (Not Found) @ http://localhost:3000/quote/nextImageExportOptimizer/globe-sm-01-opt-10.WEBP:0
[    4617ms] [ERROR] Failed to load resource: the server responded with a status of 404 (Not Found) @ http://localhost:3000/learn-more/nextImageExportOptimizer/globe-01-opt-1080.WEBP:0
[    4618ms] [ERROR] Failed to load resource: the server responded with a status of 404 (Not Found) @ http://localhost:3000/quote/nextImageExportOptimizer/sun-sm-01-opt-828.WEBP:0
[    4619ms] [ERROR] Failed to load resource: the server responded with a status of 404 (Not Found) @ http://localhost:3000/quote/nextImageExportOptimizer/globe-sm-01-opt-750.WEBP:0
[    5323ms] [INFO] %cDownload the React DevTools for a better development experience: https://react.dev/link/react-devtools font-weight:bold @ webpack-internal:///(app-pages-browser)/./node_modules/.pnpm/next@16.1.6_@babel+core@7.29.0_react-dom@19.2.4_react@19.2.4__react@19.2.4/node_modules/next/dist/next-devtools/shared/forward-logs-shared.js:27
[    5384ms] [LOG] [HMR] connected @ webpack-internal:///(app-pages-browser)/./node_modules/.pnpm/next@16.1.6_@babel+core@7.29.0_react-dom@19.2.4_react@19.2.4__react@19.2.4/node_modules/next/dist/next-devtools/shared/forward-logs-shared.js:27
[    5642ms] [LOG] [Fast Refresh] rebuilding @ webpack-internal:///(app-pages-browser)/./node_modules/.pnpm/next@16.1.6_@babel+core@7.29.0_react-dom@19.2.4_react@19.2.4__react@19.2.4/node_modules/next/dist/next-devtools/shared/forward-logs-shared.js:27
[    5646ms] [ERROR] Failed to load resource: the server responded with a status of 404 (Not Found) @ http://localhost:3000/learn-more/nextImageExportOptimizer/globe-01-opt-1080.WEBP:0
[    5647ms] [ERROR] Failed to load resource: the server responded with a status of 404 (Not Found) @ http://localhost:3000/quote/nextImageExportOptimizer/sun-sm-01-opt-828.WEBP:0
[    5648ms] [ERROR] Failed to load resource: the server responded with a status of 404 (Not Found) @ http://localhost:3000/quote/nextImageExportOptimizer/globe-sm-01-opt-750.WEBP:0
[    5670ms] [WARNING] Image with src "/learn-more/globe-01.png" has a "loader" property that does not implement width. Please implement it or use the "unoptimized" property instead.
Read more: https://nextjs.org/docs/messages/next-image-missing-loader-width @ webpack-internal:///(app-pages-browser)/./node_modules/.pnpm/next@16.1.6_@babel+core@7.29.0_react-dom@19.2.4_react@19.2.4__react@19.2.4/node_modules/next/dist/next-devtools/shared/forward-logs-shared.js:27
[    5670ms] [WARNING] Image with src "/quote/sun-sm-01.png" has a "loader" property that does not implement width. Please implement it or use the "unoptimized" property instead.
Read more: https://nextjs.org/docs/messages/next-image-missing-loader-width @ webpack-internal:///(app-pages-browser)/./node_modules/.pnpm/next@16.1.6_@babel+core@7.29.0_react-dom@19.2.4_react@19.2.4__react@19.2.4/node_modules/next/dist/next-devtools/shared/forward-logs-shared.js:27
[    5671ms] [WARNING] Image with src "/quote/globe-sm-01.png" has a "loader" property that does not implement width. Please implement it or use the "unoptimized" property instead.
Read more: https://nextjs.org/docs/messages/next-image-missing-loader-width @ webpack-internal:///(app-pages-browser)/./node_modules/.pnpm/next@16.1.6_@babel+core@7.29.0_react-dom@19.2.4_react@19.2.4__react@19.2.4/node_modules/next/dist/next-devtools/shared/forward-logs-shared.js:27
[    5948ms] [LOG] [Fast Refresh] done in 305ms @ webpack-internal:///(app-pages-browser)/./node_modules/.pnpm/next@16.1.6_@babel+core@7.29.0_react-dom@19.2.4_react@19.2.4__react@19.2.4/node_modules/next/dist/next-devtools/shared/forward-logs-shared.js:27
[    5969ms] [LOG] [Fast Refresh] rebuilding @ webpack-internal:///(app-pages-browser)/./node_modules/.pnpm/next@16.1.6_@babel+core@7.29.0_react-dom@19.2.4_react@19.2.4__react@19.2.4/node_modules/next/dist/next-devtools/shared/forward-logs-shared.js:27
[    6252ms] [LOG] [Fast Refresh] done in 283ms @ webpack-internal:///(app-pages-browser)/./node_modules/.pnpm/next@16.1.6_@babel+core@7.29.0_react-dom@19.2.4_react@19.2.4__react@19.2.4/node_modules/next/dist/next-devtools/shared/forward-logs-shared.js:27
[    6270ms] [LOG] [Fast Refresh] rebuilding @ webpack-internal:///(app-pages-browser)/./node_modules/.pnpm/next@16.1.6_@babel+core@7.29.0_react-dom@19.2.4_react@19.2.4__react@19.2.4/node_modules/next/dist/next-devtools/shared/forward-logs-shared.js:27
[    6331ms] [LOG] [Fast Refresh] done in 61ms @ webpack-internal:///(app-pages-browser)/./node_modules/.pnpm/next@16.1.6_@babel+core@7.29.0_react-dom@19.2.4_react@19.2.4__react@19.2.4/node_modules/next/dist/next-devtools/shared/forward-logs-shared.js:27
[    6497ms] [LOG] [Fast Refresh] rebuilding @ webpack-internal:///(app-pages-browser)/./node_modules/.pnpm/next@16.1.6_@babel+core@7.29.0_react-dom@19.2.4_react@19.2.4__react@19.2.4/node_modules/next/dist/next-devtools/shared/forward-logs-shared.js:27
[    6539ms] [LOG] [Fast Refresh] done in 42ms @ webpack-internal:///(app-pages-browser)/./node_modules/.pnpm/next@16.1.6_@babel+core@7.29.0_react-dom@19.2.4_react@19.2.4__react@19.2.4/node_modules/next/dist/next-devtools/shared/forward-logs-shared.js:27
[    6757ms] [LOG] [Fast Refresh] rebuilding @ webpack-internal:///(app-pages-browser)/./node_modules/.pnpm/next@16.1.6_@babel+core@7.29.0_react-dom@19.2.4_react@19.2.4__react@19.2.4/node_modules/next/dist/next-devtools/shared/forward-logs-shared.js:27
[    6890ms] [LOG] [Fast Refresh] done in 133ms @ webpack-internal:///(app-pages-browser)/./node_modules/.pnpm/next@16.1.6_@babel+core@7.29.0_react-dom@19.2.4_react@19.2.4__react@19.2.4/node_modules/next/dist/next-devtools/shared/forward-logs-shared.js:27
[    6977ms] [LOG] [Fast Refresh] rebuilding @ webpack-internal:///(app-pages-browser)/./node_modules/.pnpm/next@16.1.6_@babel+core@7.29.0_react-dom@19.2.4_react@19.2.4__react@19.2.4/node_modules/next/dist/next-devtools/shared/forward-logs-shared.js:27
[    7021ms] [LOG] [Fast Refresh] done in 43ms @ webpack-internal:///(app-pages-browser)/./node_modules/.pnpm/next@16.1.6_@babel+core@7.29.0_react-dom@19.2.4_react@19.2.4__react@19.2.4/node_modules/next/dist/next-devtools/shared/forward-logs-shared.js:27
[    7196ms] [LOG] [Fast Refresh] rebuilding @ webpack-internal:///(app-pages-browser)/./node_modules/.pnpm/next@16.1.6_@babel+core@7.29.0_react-dom@19.2.4_react@19.2.4__react@19.2.4/node_modules/next/dist/next-devtools/shared/forward-logs-shared.js:27
[    7243ms] [LOG] [Fast Refresh] done in 48ms @ webpack-internal:///(app-pages-browser)/./node_modules/.pnpm/next@16.1.6_@babel+core@7.29.0_react-dom@19.2.4_react@19.2.4__react@19.2.4/node_modules/next/dist/next-devtools/shared/forward-logs-shared.js:27
[    7429ms] [LOG] [Fast Refresh] rebuilding @ webpack-internal:///(app-pages-browser)/./node_modules/.pnpm/next@16.1.6_@babel+core@7.29.0_react-dom@19.2.4_react@19.2.4__react@19.2.4/node_modules/next/dist/next-devtools/shared/forward-logs-shared.js:27
[    7469ms] [LOG] [Fast Refresh] done in 39ms @ webpack-internal:///(app-pages-browser)/./node_modules/.pnpm/next@16.1.6_@babel+core@7.29.0_react-dom@19.2.4_react@19.2.4__react@19.2.4/node_modules/next/dist/next-devtools/shared/forward-logs-shared.js:27
[    7657ms] [LOG] [Fast Refresh] rebuilding @ webpack-internal:///(app-pages-browser)/./node_modules/.pnpm/next@16.1.6_@babel+core@7.29.0_react-dom@19.2.4_react@19.2.4__react@19.2.4/node_modules/next/dist/next-devtools/shared/forward-logs-shared.js:27
[    7698ms] [LOG] [Fast Refresh] done in 42ms @ webpack-internal:///(app-pages-browser)/./node_modules/.pnpm/next@16.1.6_@babel+core@7.29.0_react-dom@19.2.4_react@19.2.4__react@19.2.4/node_modules/next/dist/next-devtools/shared/forward-logs-shared.js:27
[    7886ms] [LOG] [Fast Refresh] rebuilding @ webpack-internal:///(app-pages-browser)/./node_modules/.pnpm/next@16.1.6_@babel+core@7.29.0_react-dom@19.2.4_react@19.2.4__react@19.2.4/node_modules/next/dist/next-devtools/shared/forward-logs-shared.js:27
[    7938ms] [LOG] [Fast Refresh] done in 53ms @ webpack-internal:///(app-pages-browser)/./node_modules/.pnpm/next@16.1.6_@babel+core@7.29.0_react-dom@19.2.4_react@19.2.4__react@19.2.4/node_modules/next/dist/next-devtools/shared/forward-logs-shared.js:27
[    8421ms] [ERROR] Failed to load resource: the server responded with a status of 404 (Not Found) @ http://localhost:3000/learn-more/nextImageExportOptimizer/globe-01-opt-10.WEBP:0
[    8422ms] [ERROR] Failed to load resource: the server responded with a status of 404 (Not Found) @ http://localhost:3000/quote/nextImageExportOptimizer/sun-sm-01-opt-10.WEBP:0
[    8423ms] [ERROR] Failed to load resource: the server responded with a status of 404 (Not Found) @ http://localhost:3000/quote/nextImageExportOptimizer/globe-sm-01-opt-10.WEBP:0
[    8555ms] [ERROR] Failed to load resource: the server responded with a status of 404 (Not Found) @ http://localhost:3000/learn-more/nextImageExportOptimizer/globe-01-opt-1080.WEBP:0
[    8555ms] [ERROR] Failed to load resource: the server responded with a status of 404 (Not Found) @ http://localhost:3000/quote/nextImageExportOptimizer/sun-sm-01-opt-828.WEBP:0
[    8556ms] [ERROR] Failed to load resource: the server responded with a status of 404 (Not Found) @ http://localhost:3000/quote/nextImageExportOptimizer/globe-sm-01-opt-750.WEBP:0
[    9302ms] [INFO] %cDownload the React DevTools for a better development experience: https://react.dev/link/react-devtools font-weight:bold @ webpack-internal:///(app-pages-browser)/./node_modules/.pnpm/next@16.1.6_@babel+core@7.29.0_react-dom@19.2.4_react@19.2.4__react@19.2.4/node_modules/next/dist/next-devtools/shared/forward-logs-shared.js:27
[    9363ms] [LOG] [HMR] connected @ webpack-internal:///(app-pages-browser)/./node_modules/.pnpm/next@16.1.6_@babel+core@7.29.0_react-dom@19.2.4_react@19.2.4__react@19.2.4/node_modules/next/dist/next-devtools/shared/forward-logs-shared.js:27
[   10129ms] [LOG] [Fast Refresh] rebuilding @ webpack-internal:///(app-pages-browser)/./node_modules/.pnpm/next@16.1.6_@babel+core@7.29.0_react-dom@19.2.4_react@19.2.4__react@19.2.4/node_modules/next/dist/next-devtools/shared/forward-logs-shared.js:27
[   10340ms] [LOG] [Fast Refresh] done in 210ms @ webpack-internal:///(app-pages-browser)/./node_modules/.pnpm/next@16.1.6_@babel+core@7.29.0_react-dom@19.2.4_react@19.2.4__react@19.2.4/node_modules/next/dist/next-devtools/shared/forward-logs-shared.js:27
[   10617ms] [LOG] [Fast Refresh] rebuilding @ webpack-internal:///(app-pages-browser)/./node_modules/.pnpm/next@16.1.6_@babel+core@7.29.0_react-dom@19.2.4_react@19.2.4__react@19.2.4/node_modules/next/dist/next-devtools/shared/forward-logs-shared.js:27
[   10640ms] [LOG] [Fast Refresh] rebuilding @ webpack-internal:///(app-pages-browser)/./node_modules/.pnpm/next@16.1.6_@babel+core@7.29.0_react-dom@19.2.4_react@19.2.4__react@19.2.4/node_modules/next/dist/next-devtools/shared/forward-logs-shared.js:27
[   10660ms] [LOG] [Fast Refresh] done in 20ms @ webpack-internal:///(app-pages-browser)/./node_modules/.pnpm/next@16.1.6_@babel+core@7.29.0_react-dom@19.2.4_react@19.2.4__react@19.2.4/node_modules/next/dist/next-devtools/shared/forward-logs-shared.js:27
[   10718ms] [LOG] [Fast Refresh] done in 78ms @ webpack-internal:///(app-pages-browser)/./node_modules/.pnpm/next@16.1.6_@babel+core@7.29.0_react-dom@19.2.4_react@19.2.4__react@19.2.4/node_modules/next/dist/next-devtools/shared/forward-logs-shared.js:27
[   11120ms] [ERROR] Failed to load resource: the server responded with a status of 500 (Internal Server Error) @ http://localhost:3000/learn-more/nextImageExportOptimizer/globe-01-opt-1080.WEBP:0
[   11121ms] [ERROR] Failed to load resource: the server responded with a status of 500 (Internal Server Error) @ http://localhost:3000/quote/nextImageExportOptimizer/sun-sm-01-opt-828.WEBP:0
[   11121ms] [ERROR] Failed to load resource: the server responded with a status of 500 (Internal Server Error) @ http://localhost:3000/quote/nextImageExportOptimizer/globe-sm-01-opt-750.WEBP:0
[   11125ms] [WARNING] Image with src "/learn-more/globe-01.png" has a "loader" property that does not implement width. Please implement it or use the "unoptimized" property instead.
Read more: https://nextjs.org/docs/messages/next-image-missing-loader-width @ webpack-internal:///(app-pages-browser)/./node_modules/.pnpm/next@16.1.6_@babel+core@7.29.0_react-dom@19.2.4_react@19.2.4__react@19.2.4/node_modules/next/dist/next-devtools/shared/forward-logs-shared.js:27
[   11126ms] [WARNING] Image with src "/quote/sun-sm-01.png" has a "loader" property that does not implement width. Please implement it or use the "unoptimized" property instead.
Read more: https://nextjs.org/docs/messages/next-image-missing-loader-width @ webpack-internal:///(app-pages-browser)/./node_modules/.pnpm/next@16.1.6_@babel+core@7.29.0_react-dom@19.2.4_react@19.2.4__react@19.2.4/node_modules/next/dist/next-devtools/shared/forward-logs-shared.js:27
[   11126ms] [WARNING] Image with src "/quote/globe-sm-01.png" has a "loader" property that does not implement width. Please implement it or use the "unoptimized" property instead.
Read more: https://nextjs.org/docs/messages/next-image-missing-loader-width @ webpack-internal:///(app-pages-browser)/./node_modules/.pnpm/next@16.1.6_@babel+core@7.29.0_react-dom@19.2.4_react@19.2.4__react@19.2.4/node_modules/next/dist/next-devtools/shared/forward-logs-shared.js:27
[   11265ms] [WARNING] Image with src "/quote/sun-sm-01.png" was detected as the Largest Contentful Paint (LCP). Please add the `loading="eager"` property if this image is above the fold.
Read more: https://nextjs.org/docs/app/api-reference/components/image#loading @ webpack-internal:///(app-pages-browser)/./node_modules/.pnpm/next@16.1.6_@babel+core@7.29.0_react-dom@19.2.4_react@19.2.4__react@19.2.4/node_modules/next/dist/next-devtools/shared/forward-logs-shared.js:27
[   11361ms] [LOG] [Fast Refresh] rebuilding @ webpack-internal:///(app-pages-browser)/./node_modules/.pnpm/next@16.1.6_@babel+core@7.29.0_react-dom@19.2.4_react@19.2.4__react@19.2.4/node_modules/next/dist/next-devtools/shared/forward-logs-shared.js:27
[   11396ms] [LOG] [Fast Refresh] done in 35ms @ webpack-internal:///(app-pages-browser)/./node_modules/.pnpm/next@16.1.6_@babel+core@7.29.0_react-dom@19.2.4_react@19.2.4__react@19.2.4/node_modules/next/dist/next-devtools/shared/forward-logs-shared.js:27
[   11591ms] [LOG] [Fast Refresh] rebuilding @ webpack-internal:///(app-pages-browser)/./node_modules/.pnpm/next@16.1.6_@babel+core@7.29.0_react-dom@19.2.4_react@19.2.4__react@19.2.4/node_modules/next/dist/next-devtools/shared/forward-logs-shared.js:27
[   11638ms] [LOG] [Fast Refresh] done in 47ms @ webpack-internal:///(app-pages-browser)/./node_modules/.pnpm/next@16.1.6_@babel+core@7.29.0_react-dom@19.2.4_react@19.2.4__react@19.2.4/node_modules/next/dist/next-devtools/shared/forward-logs-shared.js:27
[   11820ms] [LOG] [Fast Refresh] rebuilding @ webpack-internal:///(app-pages-browser)/./node_modules/.pnpm/next@16.1.6_@babel+core@7.29.0_react-dom@19.2.4_react@19.2.4__react@19.2.4/node_modules/next/dist/next-devtools/shared/forward-logs-shared.js:27
[   11869ms] [LOG] [Fast Refresh] done in 49ms @ webpack-internal:///(app-pages-browser)/./node_modules/.pnpm/next@16.1.6_@babel+core@7.29.0_react-dom@19.2.4_react@19.2.4__react@19.2.4/node_modules/next/dist/next-devtools/shared/forward-logs-shared.js:27
[   12558ms] [LOG] [Fast Refresh] rebuilding @ webpack-internal:///(app-pages-browser)/./node_modules/.pnpm/next@16.1.6_@babel+core@7.29.0_react-dom@19.2.4_react@19.2.4__react@19.2.4/node_modules/next/dist/next-devtools/shared/forward-logs-shared.js:27
[   12625ms] [LOG] [Fast Refresh] done in 68ms @ webpack-internal:///(app-pages-browser)/./node_modules/.pnpm/next@16.1.6_@babel+core@7.29.0_react-dom@19.2.4_react@19.2.4__react@19.2.4/node_modules/next/dist/next-devtools/shared/forward-logs-shared.js:27
[   12904ms] [LOG] [Fast Refresh] rebuilding @ webpack-internal:///(app-pages-browser)/./node_modules/.pnpm/next@16.1.6_@babel+core@7.29.0_react-dom@19.2.4_react@19.2.4__react@19.2.4/node_modules/next/dist/next-devtools/shared/forward-logs-shared.js:27
[   12956ms] [LOG] [Fast Refresh] done in 51ms @ webpack-internal:///(app-pages-browser)/./node_modules/.pnpm/next@16.1.6_@babel+core@7.29.0_react-dom@19.2.4_react@19.2.4__react@19.2.4/node_modules/next/dist/next-devtools/shared/forward-logs-shared.js:27
[   13515ms] [ERROR] Failed to load resource: the server responded with a status of 404 (Not Found) @ http://localhost:3000/learn-more/nextImageExportOptimizer/globe-01-opt-10.WEBP:0
[   13516ms] [ERROR] Failed to load resource: the server responded with a status of 404 (Not Found) @ http://localhost:3000/quote/nextImageExportOptimizer/sun-sm-01-opt-10.WEBP:0
[   13517ms] [ERROR] Failed to load resource: the server responded with a status of 404 (Not Found) @ http://localhost:3000/quote/nextImageExportOptimizer/globe-sm-01-opt-10.WEBP:0
[   13700ms] [ERROR] Failed to load resource: the server responded with a status of 404 (Not Found) @ http://localhost:3000/learn-more/nextImageExportOptimizer/globe-01-opt-1080.WEBP:0
[   13701ms] [ERROR] Failed to load resource: the server responded with a status of 404 (Not Found) @ http://localhost:3000/quote/nextImageExportOptimizer/sun-sm-01-opt-828.WEBP:0
[   13702ms] [ERROR] Failed to load resource: the server responded with a status of 404 (Not Found) @ http://localhost:3000/quote/nextImageExportOptimizer/globe-sm-01-opt-750.WEBP:0
[   14344ms] [INFO] %cDownload the React DevTools for a better development experience: https://react.dev/link/react-devtools font-weight:bold @ webpack-internal:///(app-pages-browser)/./node_modules/.pnpm/next@16.1.6_@babel+core@7.29.0_react-dom@19.2.4_react@19.2.4__react@19.2.4/node_modules/next/dist/next-devtools/shared/forward-logs-shared.js:27
[   14403ms] [LOG] [HMR] connected @ webpack-internal:///(app-pages-browser)/./node_modules/.pnpm/next@16.1.6_@babel+core@7.29.0_react-dom@19.2.4_react@19.2.4__react@19.2.4/node_modules/next/dist/next-devtools/shared/forward-logs-shared.js:27
[   14608ms] [ERROR] Failed to load resource: the server responded with a status of 404 (Not Found) @ http://localhost:3000/learn-more/nextImageExportOptimizer/globe-01-opt-1080.WEBP:0
[   14609ms] [ERROR] Failed to load resource: the server responded with a status of 404 (Not Found) @ http://localhost:3000/quote/nextImageExportOptimizer/sun-sm-01-opt-828.WEBP:0
[   14610ms] [ERROR] Failed to load resource: the server responded with a status of 404 (Not Found) @ http://localhost:3000/quote/nextImageExportOptimizer/globe-sm-01-opt-750.WEBP:0
[   14636ms] [LOG] [Fast Refresh] rebuilding @ webpack-internal:///(app-pages-browser)/./node_modules/.pnpm/next@16.1.6_@babel+core@7.29.0_react-dom@19.2.4_react@19.2.4__react@19.2.4/node_modules/next/dist/next-devtools/shared/forward-logs-shared.js:27
[   14643ms] [WARNING] Image with src "/learn-more/globe-01.png" has a "loader" property that does not implement width. Please implement it or use the "unoptimized" property instead.
Read more: https://nextjs.org/docs/messages/next-image-missing-loader-width @ webpack-internal:///(app-pages-browser)/./node_modules/.pnpm/next@16.1.6_@babel+core@7.29.0_react-dom@19.2.4_react@19.2.4__react@19.2.4/node_modules/next/dist/next-devtools/shared/forward-logs-shared.js:27
[   14644ms] [WARNING] Image with src "/quote/sun-sm-01.png" has a "loader" property that does not implement width. Please implement it or use the "unoptimized" property instead.
Read more: https://nextjs.org/docs/messages/next-image-missing-loader-width @ webpack-internal:///(app-pages-browser)/./node_modules/.pnpm/next@16.1.6_@babel+core@7.29.0_react-dom@19.2.4_react@19.2.4__react@19.2.4/node_modules/next/dist/next-devtools/shared/forward-logs-shared.js:27
[   14644ms] [WARNING] Image with src "/quote/globe-sm-01.png" has a "loader" property that does not implement width. Please implement it or use the "unoptimized" property instead.
Read more: https://nextjs.org/docs/messages/next-image-missing-loader-width @ webpack-internal:///(app-pages-browser)/./node_modules/.pnpm/next@16.1.6_@babel+core@7.29.0_react-dom@19.2.4_react@19.2.4__react@19.2.4/node_modules/next/dist/next-devtools/shared/forward-logs-shared.js:27
[   14817ms] [WARNING] Image with src "/quote/sun-sm-01.png" was detected as the Largest Contentful Paint (LCP). Please add the `loading="eager"` property if this image is above the fold.
Read more: https://nextjs.org/docs/app/api-reference/components/image#loading @ webpack-internal:///(app-pages-browser)/./node_modules/.pnpm/next@16.1.6_@babel+core@7.29.0_react-dom@19.2.4_react@19.2.4__react@19.2.4/node_modules/next/dist/next-devtools/shared/forward-logs-shared.js:27
[   14909ms] [LOG] [Fast Refresh] done in 273ms @ webpack-internal:///(app-pages-browser)/./node_modules/.pnpm/next@16.1.6_@babel+core@7.29.0_react-dom@19.2.4_react@19.2.4__react@19.2.4/node_modules/next/dist/next-devtools/shared/forward-logs-shared.js:27
[   14923ms] [LOG] [Fast Refresh] rebuilding @ webpack-internal:///(app-pages-browser)/./node_modules/.pnpm/next@16.1.6_@babel+core@7.29.0_react-dom@19.2.4_react@19.2.4__react@19.2.4/node_modules/next/dist/next-devtools/shared/forward-logs-shared.js:27
[   15063ms] [LOG] [Fast Refresh] done in 140ms @ webpack-internal:///(app-pages-browser)/./node_modules/.pnpm/next@16.1.6_@babel+core@7.29.0_react-dom@19.2.4_react@19.2.4__react@19.2.4/node_modules/next/dist/next-devtools/shared/forward-logs-shared.js:27
[   15149ms] [LOG] [Fast Refresh] rebuilding @ webpack-internal:///(app-pages-browser)/./node_modules/.pnpm/next@16.1.6_@babel+core@7.29.0_react-dom@19.2.4_react@19.2.4__react@19.2.4/node_modules/next/dist/next-devtools/shared/forward-logs-shared.js:27
[   15191ms] [LOG] [Fast Refresh] done in 42ms @ webpack-internal:///(app-pages-browser)/./node_modules/.pnpm/next@16.1.6_@babel+core@7.29.0_react-dom@19.2.4_react@19.2.4__react@19.2.4/node_modules/next/dist/next-devtools/shared/forward-logs-shared.js:27
[   15351ms] [LOG] [Fast Refresh] rebuilding @ webpack-internal:///(app-pages-browser)/./node_modules/.pnpm/next@16.1.6_@babel+core@7.29.0_react-dom@19.2.4_react@19.2.4__react@19.2.4/node_modules/next/dist/next-devtools/shared/forward-logs-shared.js:27
[   15403ms] [LOG] [Fast Refresh] done in 52ms @ webpack-internal:///(app-pages-browser)/./node_modules/.pnpm/next@16.1.6_@babel+core@7.29.0_react-dom@19.2.4_react@19.2.4__react@19.2.4/node_modules/next/dist/next-devtools/shared/forward-logs-shared.js:27
[   15590ms] [LOG] [Fast Refresh] rebuilding @ webpack-internal:///(app-pages-browser)/./node_modules/.pnpm/next@16.1.6_@babel+core@7.29.0_react-dom@19.2.4_react@19.2.4__react@19.2.4/node_modules/next/dist/next-devtools/shared/forward-logs-shared.js:27
[   15663ms] [LOG] [Fast Refresh] done in 74ms @ webpack-internal:///(app-pages-browser)/./node_modules/.pnpm/next@16.1.6_@babel+core@7.29.0_react-dom@19.2.4_react@19.2.4__react@19.2.4/node_modules/next/dist/next-devtools/shared/forward-logs-shared.js:27
[   15837ms] [LOG] [Fast Refresh] rebuilding @ webpack-internal:///(app-pages-browser)/./node_modules/.pnpm/next@16.1.6_@babel+core@7.29.0_react-dom@19.2.4_react@19.2.4__react@19.2.4/node_modules/next/dist/next-devtools/shared/forward-logs-shared.js:27
[   15881ms] [LOG] [Fast Refresh] done in 45ms @ webpack-internal:///(app-pages-browser)/./node_modules/.pnpm/next@16.1.6_@babel+core@7.29.0_react-dom@19.2.4_react@19.2.4__react@19.2.4/node_modules/next/dist/next-devtools/shared/forward-logs-shared.js:27
[   16060ms] [LOG] [Fast Refresh] rebuilding @ webpack-internal:///(app-pages-browser)/./node_modules/.pnpm/next@16.1.6_@babel+core@7.29.0_react-dom@19.2.4_react@19.2.4__react@19.2.4/node_modules/next/dist/next-devtools/shared/forward-logs-shared.js:27
[   16107ms] [LOG] [Fast Refresh] done in 47ms @ webpack-internal:///(app-pages-browser)/./node_modules/.pnpm/next@16.1.6_@babel+core@7.29.0_react-dom@19.2.4_react@19.2.4__react@19.2.4/node_modules/next/dist/next-devtools/shared/forward-logs-shared.js:27
[   16274ms] [LOG] [Fast Refresh] rebuilding @ webpack-internal:///(app-pages-browser)/./node_modules/.pnpm/next@16.1.6_@babel+core@7.29.0_react-dom@19.2.4_react@19.2.4__react@19.2.4/node_modules/next/dist/next-devtools/shared/forward-logs-shared.js:27
[   16311ms] [LOG] [Fast Refresh] done in 37ms @ webpack-internal:///(app-pages-browser)/./node_modules/.pnpm/next@16.1.6_@babel+core@7.29.0_react-dom@19.2.4_react@19.2.4__react@19.2.4/node_modules/next/dist/next-devtools/shared/forward-logs-shared.js:27
[   16495ms] [LOG] [Fast Refresh] rebuilding @ webpack-internal:///(app-pages-browser)/./node_modules/.pnpm/next@16.1.6_@babel+core@7.29.0_react-dom@19.2.4_react@19.2.4__react@19.2.4/node_modules/next/dist/next-devtools/shared/forward-logs-shared.js:27
[   16537ms] [LOG] [Fast Refresh] done in 42ms @ webpack-internal:///(app-pages-browser)/./node_modules/.pnpm/next@16.1.6_@babel+core@7.29.0_react-dom@19.2.4_react@19.2.4__react@19.2.4/node_modules/next/dist/next-devtools/shared/forward-logs-shared.js:27
[   16719ms] [LOG] [Fast Refresh] rebuilding @ webpack-internal:///(app-pages-browser)/./node_modules/.pnpm/next@16.1.6_@babel+core@7.29.0_react-dom@19.2.4_react@19.2.4__react@19.2.4/node_modules/next/dist/next-devtools/shared/forward-logs-shared.js:27
[   16755ms] [LOG] [Fast Refresh] done in 36ms @ webpack-internal:///(app-pages-browser)/./node_modules/.pnpm/next@16.1.6_@babel+core@7.29.0_react-dom@19.2.4_react@19.2.4__react@19.2.4/node_modules/next/dist/next-devtools/shared/forward-logs-shared.js:27
[   17267ms] [ERROR] Failed to load resource: the server responded with a status of 404 (Not Found) @ http://localhost:3000/learn-more/nextImageExportOptimizer/globe-01-opt-10.WEBP:0
[   17267ms] [ERROR] Failed to load resource: the server responded with a status of 404 (Not Found) @ http://localhost:3000/quote/nextImageExportOptimizer/sun-sm-01-opt-10.WEBP:0
[   17268ms] [ERROR] Failed to load resource: the server responded with a status of 404 (Not Found) @ http://localhost:3000/quote/nextImageExportOptimizer/globe-sm-01-opt-10.WEBP:0
[   17443ms] [ERROR] Failed to load resource: the server responded with a status of 404 (Not Found) @ http://localhost:3000/learn-more/nextImageExportOptimizer/globe-01-opt-1080.WEBP:0
[   17444ms] [ERROR] Failed to load resource: the server responded with a status of 404 (Not Found) @ http://localhost:3000/quote/nextImageExportOptimizer/sun-sm-01-opt-828.WEBP:0
[   17444ms] [ERROR] Failed to load resource: the server responded with a status of 404 (Not Found) @ http://localhost:3000/quote/nextImageExportOptimizer/globe-sm-01-opt-750.WEBP:0
[   18119ms] [INFO] %cDownload the React DevTools for a better development experience: https://react.dev/link/react-devtools font-weight:bold @ webpack-internal:///(app-pages-browser)/./node_modules/.pnpm/next@16.1.6_@babel+core@7.29.0_react-dom@19.2.4_react@19.2.4__react@19.2.4/node_modules/next/dist/next-devtools/shared/forward-logs-shared.js:27
[   18176ms] [LOG] [HMR] connected @ webpack-internal:///(app-pages-browser)/./node_modules/.pnpm/next@16.1.6_@babel+core@7.29.0_react-dom@19.2.4_react@19.2.4__react@19.2.4/node_modules/next/dist/next-devtools/shared/forward-logs-shared.js:27
[   18807ms] [LOG] [Fast Refresh] rebuilding @ webpack-internal:///(app-pages-browser)/./node_modules/.pnpm/next@16.1.6_@babel+core@7.29.0_react-dom@19.2.4_react@19.2.4__react@19.2.4/node_modules/next/dist/next-devtools/shared/forward-logs-shared.js:27
[   19049ms] [LOG] [Fast Refresh] done in 243ms @ webpack-internal:///(app-pages-browser)/./node_modules/.pnpm/next@16.1.6_@babel+core@7.29.0_react-dom@19.2.4_react@19.2.4__react@19.2.4/node_modules/next/dist/next-devtools/shared/forward-logs-shared.js:27
[   19507ms] [LOG] [Fast Refresh] rebuilding @ webpack-internal:///(app-pages-browser)/./node_modules/.pnpm/next@16.1.6_@babel+core@7.29.0_react-dom@19.2.4_react@19.2.4__react@19.2.4/node_modules/next/dist/next-devtools/shared/forward-logs-shared.js:27
[   19538ms] [LOG] [Fast Refresh] rebuilding @ webpack-internal:///(app-pages-browser)/./node_modules/.pnpm/next@16.1.6_@babel+core@7.29.0_react-dom@19.2.4_react@19.2.4__react@19.2.4/node_modules/next/dist/next-devtools/shared/forward-logs-shared.js:27
[   19563ms] [LOG] [Fast Refresh] done in 24ms @ webpack-internal:///(app-pages-browser)/./node_modules/.pnpm/next@16.1.6_@babel+core@7.29.0_react-dom@19.2.4_react@19.2.4__react@19.2.4/node_modules/next/dist/next-devtools/shared/forward-logs-shared.js:27
[   19622ms] [LOG] [Fast Refresh] done in 83ms @ webpack-internal:///(app-pages-browser)/./node_modules/.pnpm/next@16.1.6_@babel+core@7.29.0_react-dom@19.2.4_react@19.2.4__react@19.2.4/node_modules/next/dist/next-devtools/shared/forward-logs-shared.js:27
[   19887ms] [ERROR] Failed to load resource: the server responded with a status of 500 (Internal Server Error) @ http://localhost:3000/learn-more/nextImageExportOptimizer/globe-01-opt-1080.WEBP:0
[   19887ms] [ERROR] Failed to load resource: the server responded with a status of 500 (Internal Server Error) @ http://localhost:3000/quote/nextImageExportOptimizer/sun-sm-01-opt-828.WEBP:0
[   19888ms] [ERROR] Failed to load resource: the server responded with a status of 500 (Internal Server Error) @ http://localhost:3000/quote/nextImageExportOptimizer/globe-sm-01-opt-750.WEBP:0
[   19893ms] [WARNING] Image with src "/learn-more/globe-01.png" has a "loader" property that does not implement width. Please implement it or use the "unoptimized" property instead.
Read more: https://nextjs.org/docs/messages/next-image-missing-loader-width @ webpack-internal:///(app-pages-browser)/./node_modules/.pnpm/next@16.1.6_@babel+core@7.29.0_react-dom@19.2.4_react@19.2.4__react@19.2.4/node_modules/next/dist/next-devtools/shared/forward-logs-shared.js:27
[   19893ms] [WARNING] Image with src "/quote/sun-sm-01.png" has a "loader" property that does not implement width. Please implement it or use the "unoptimized" property instead.
Read more: https://nextjs.org/docs/messages/next-image-missing-loader-width @ webpack-internal:///(app-pages-browser)/./node_modules/.pnpm/next@16.1.6_@babel+core@7.29.0_react-dom@19.2.4_react@19.2.4__react@19.2.4/node_modules/next/dist/next-devtools/shared/forward-logs-shared.js:27
[   19894ms] [WARNING] Image with src "/quote/globe-sm-01.png" has a "loader" property that does not implement width. Please implement it or use the "unoptimized" property instead.
Read more: https://nextjs.org/docs/messages/next-image-missing-loader-width @ webpack-internal:///(app-pages-browser)/./node_modules/.pnpm/next@16.1.6_@babel+core@7.29.0_react-dom@19.2.4_react@19.2.4__react@19.2.4/node_modules/next/dist/next-devtools/shared/forward-logs-shared.js:27
[   20168ms] [LOG] [Fast Refresh] rebuilding @ webpack-internal:///(app-pages-browser)/./node_modules/.pnpm/next@16.1.6_@babel+core@7.29.0_react-dom@19.2.4_react@19.2.4__react@19.2.4/node_modules/next/dist/next-devtools/shared/forward-logs-shared.js:27
[   20204ms] [LOG] [Fast Refresh] done in 35ms @ webpack-internal:///(app-pages-browser)/./node_modules/.pnpm/next@16.1.6_@babel+core@7.29.0_react-dom@19.2.4_react@19.2.4__react@19.2.4/node_modules/next/dist/next-devtools/shared/forward-logs-shared.js:27
[   20249ms] [WARNING] Image with src "/quote/sun-sm-01.png" was detected as the Largest Contentful Paint (LCP). Please add the `loading="eager"` property if this image is above the fold.
Read more: https://nextjs.org/docs/app/api-reference/components/image#loading @ webpack-internal:///(app-pages-browser)/./node_modules/.pnpm/next@16.1.6_@babel+core@7.29.0_react-dom@19.2.4_react@19.2.4__react@19.2.4/node_modules/next/dist/next-devtools/shared/forward-logs-shared.js:27
[   20364ms] [LOG] [Fast Refresh] rebuilding @ webpack-internal:///(app-pages-browser)/./node_modules/.pnpm/next@16.1.6_@babel+core@7.29.0_react-dom@19.2.4_react@19.2.4__react@19.2.4/node_modules/next/dist/next-devtools/shared/forward-logs-shared.js:27
[   20402ms] [LOG] [Fast Refresh] done in 39ms @ webpack-internal:///(app-pages-browser)/./node_modules/.pnpm/next@16.1.6_@babel+core@7.29.0_react-dom@19.2.4_react@19.2.4__react@19.2.4/node_modules/next/dist/next-devtools/shared/forward-logs-shared.js:27
[   20600ms] [LOG] [Fast Refresh] rebuilding @ webpack-internal:///(app-pages-browser)/./node_modules/.pnpm/next@16.1.6_@babel+core@7.29.0_react-dom@19.2.4_react@19.2.4__react@19.2.4/node_modules/next/dist/next-devtools/shared/forward-logs-shared.js:27
[   20641ms] [LOG] [Fast Refresh] done in 40ms @ webpack-internal:///(app-pages-browser)/./node_modules/.pnpm/next@16.1.6_@babel+core@7.29.0_react-dom@19.2.4_react@19.2.4__react@19.2.4/node_modules/next/dist/next-devtools/shared/forward-logs-shared.js:27
[   20820ms] [LOG] [Fast Refresh] rebuilding @ webpack-internal:///(app-pages-browser)/./node_modules/.pnpm/next@16.1.6_@babel+core@7.29.0_react-dom@19.2.4_react@19.2.4__react@19.2.4/node_modules/next/dist/next-devtools/shared/forward-logs-shared.js:27
[   20877ms] [LOG] [Fast Refresh] done in 57ms @ webpack-internal:///(app-pages-browser)/./node_modules/.pnpm/next@16.1.6_@babel+core@7.29.0_react-dom@19.2.4_react@19.2.4__react@19.2.4/node_modules/next/dist/next-devtools/shared/forward-logs-shared.js:27
[   21053ms] [LOG] [Fast Refresh] rebuilding @ webpack-internal:///(app-pages-browser)/./node_modules/.pnpm/next@16.1.6_@babel+core@7.29.0_react-dom@19.2.4_react@19.2.4__react@19.2.4/node_modules/next/dist/next-devtools/shared/forward-logs-shared.js:27
[   21103ms] [LOG] [Fast Refresh] done in 49ms @ webpack-internal:///(app-pages-browser)/./node_modules/.pnpm/next@16.1.6_@babel+core@7.29.0_react-dom@19.2.4_react@19.2.4__react@19.2.4/node_modules/next/dist/next-devtools/shared/forward-logs-shared.js:27
[   21293ms] [LOG] [Fast Refresh] rebuilding @ webpack-internal:///(app-pages-browser)/./node_modules/.pnpm/next@16.1.6_@babel+core@7.29.0_react-dom@19.2.4_react@19.2.4__react@19.2.4/node_modules/next/dist/next-devtools/shared/forward-logs-shared.js:27
[   21343ms] [LOG] [Fast Refresh] done in 50ms @ webpack-internal:///(app-pages-browser)/./node_modules/.pnpm/next@16.1.6_@babel+core@7.29.0_react-dom@19.2.4_react@19.2.4__react@19.2.4/node_modules/next/dist/next-devtools/shared/forward-logs-shared.js:27
[   22786ms] [ERROR] Failed to load resource: the server responded with a status of 404 (Not Found) @ http://localhost:3000/learn-more/nextImageExportOptimizer/globe-01-opt-10.WEBP:0
[   22787ms] [ERROR] Failed to load resource: the server responded with a status of 404 (Not Found) @ http://localhost:3000/quote/nextImageExportOptimizer/sun-sm-01-opt-10.WEBP:0
[   22788ms] [ERROR] Failed to load resource: the server responded with a status of 404 (Not Found) @ http://localhost:3000/quote/nextImageExportOptimizer/globe-sm-01-opt-10.WEBP:0
[   22855ms] [ERROR] Failed to load resource: the server responded with a status of 404 (Not Found) @ http://localhost:3000/learn-more/nextImageExportOptimizer/globe-01-opt-1080.WEBP:0
[   22856ms] [ERROR] Failed to load resource: the server responded with a status of 404 (Not Found) @ http://localhost:3000/quote/nextImageExportOptimizer/sun-sm-01-opt-828.WEBP:0
[   22964ms] [ERROR] Failed to load resource: the server responded with a status of 404 (Not Found) @ http://localhost:3000/quote/nextImageExportOptimizer/globe-sm-01-opt-750.WEBP:0
[   23503ms] [INFO] %cDownload the React DevTools for a better development experience: https://react.dev/link/react-devtools font-weight:bold @ webpack-internal:///(app-pages-browser)/./node_modules/.pnpm/next@16.1.6_@babel+core@7.29.0_react-dom@19.2.4_react@19.2.4__react@19.2.4/node_modules/next/dist/next-devtools/shared/forward-logs-shared.js:27
[   23561ms] [LOG] [HMR] connected @ webpack-internal:///(app-pages-browser)/./node_modules/.pnpm/next@16.1.6_@babel+core@7.29.0_react-dom@19.2.4_react@19.2.4__react@19.2.4/node_modules/next/dist/next-devtools/shared/forward-logs-shared.js:27
[   23770ms] [ERROR] Failed to load resource: the server responded with a status of 404 (Not Found) @ http://localhost:3000/learn-more/nextImageExportOptimizer/globe-01-opt-1080.WEBP:0
[   23771ms] [ERROR] Failed to load resource: the server responded with a status of 404 (Not Found) @ http://localhost:3000/quote/nextImageExportOptimizer/sun-sm-01-opt-828.WEBP:0
[   23771ms] [ERROR] Failed to load resource: the server responded with a status of 404 (Not Found) @ http://localhost:3000/quote/nextImageExportOptimizer/globe-sm-01-opt-750.WEBP:0
[   23779ms] [WARNING] Image with src "/learn-more/globe-01.png" has a "loader" property that does not implement width. Please implement it or use the "unoptimized" property instead.
Read more: https://nextjs.org/docs/messages/next-image-missing-loader-width @ webpack-internal:///(app-pages-browser)/./node_modules/.pnpm/next@16.1.6_@babel+core@7.29.0_react-dom@19.2.4_react@19.2.4__react@19.2.4/node_modules/next/dist/next-devtools/shared/forward-logs-shared.js:27
[   23780ms] [WARNING] Image with src "/quote/sun-sm-01.png" has a "loader" property that does not implement width. Please implement it or use the "unoptimized" property instead.
Read more: https://nextjs.org/docs/messages/next-image-missing-loader-width @ webpack-internal:///(app-pages-browser)/./node_modules/.pnpm/next@16.1.6_@babel+core@7.29.0_react-dom@19.2.4_react@19.2.4__react@19.2.4/node_modules/next/dist/next-devtools/shared/forward-logs-shared.js:27
[   23780ms] [WARNING] Image with src "/quote/globe-sm-01.png" has a "loader" property that does not implement width. Please implement it or use the "unoptimized" property instead.
Read more: https://nextjs.org/docs/messages/next-image-missing-loader-width @ webpack-internal:///(app-pages-browser)/./node_modules/.pnpm/next@16.1.6_@babel+core@7.29.0_react-dom@19.2.4_react@19.2.4__react@19.2.4/node_modules/next/dist/next-devtools/shared/forward-logs-shared.js:27
[   23805ms] [LOG] [Fast Refresh] rebuilding @ webpack-internal:///(app-pages-browser)/./node_modules/.pnpm/next@16.1.6_@babel+core@7.29.0_react-dom@19.2.4_react@19.2.4__react@19.2.4/node_modules/next/dist/next-devtools/shared/forward-logs-shared.js:27
[   23950ms] [WARNING] Image with src "/quote/sun-sm-01.png" was detected as the Largest Contentful Paint (LCP). Please add the `loading="eager"` property if this image is above the fold.
Read more: https://nextjs.org/docs/app/api-reference/components/image#loading @ webpack-internal:///(app-pages-browser)/./node_modules/.pnpm/next@16.1.6_@babel+core@7.29.0_react-dom@19.2.4_react@19.2.4__react@19.2.4/node_modules/next/dist/next-devtools/shared/forward-logs-shared.js:27
[   24076ms] [LOG] [Fast Refresh] done in 270ms @ webpack-internal:///(app-pages-browser)/./node_modules/.pnpm/next@16.1.6_@babel+core@7.29.0_react-dom@19.2.4_react@19.2.4__react@19.2.4/node_modules/next/dist/next-devtools/shared/forward-logs-shared.js:27
[   24094ms] [LOG] [Fast Refresh] rebuilding @ webpack-internal:///(app-pages-browser)/./node_modules/.pnpm/next@16.1.6_@babel+core@7.29.0_react-dom@19.2.4_react@19.2.4__react@19.2.4/node_modules/next/dist/next-devtools/shared/forward-logs-shared.js:27
[   24318ms] [LOG] [Fast Refresh] done in 224ms @ webpack-internal:///(app-pages-browser)/./node_modules/.pnpm/next@16.1.6_@babel+core@7.29.0_react-dom@19.2.4_react@19.2.4__react@19.2.4/node_modules/next/dist/next-devtools/shared/forward-logs-shared.js:27
[   24341ms] [LOG] [Fast Refresh] rebuilding @ webpack-internal:///(app-pages-browser)/./node_modules/.pnpm/next@16.1.6_@babel+core@7.29.0_react-dom@19.2.4_react@19.2.4__react@19.2.4/node_modules/next/dist/next-devtools/shared/forward-logs-shared.js:27
[   24387ms] [LOG] [Fast Refresh] done in 46ms @ webpack-internal:///(app-pages-browser)/./node_modules/.pnpm/next@16.1.6_@babel+core@7.29.0_react-dom@19.2.4_react@19.2.4__react@19.2.4/node_modules/next/dist/next-devtools/shared/forward-logs-shared.js:27
[   24553ms] [LOG] [Fast Refresh] rebuilding @ webpack-internal:///(app-pages-browser)/./node_modules/.pnpm/next@16.1.6_@babel+core@7.29.0_react-dom@19.2.4_react@19.2.4__react@19.2.4/node_modules/next/dist/next-devtools/shared/forward-logs-shared.js:27
[   24598ms] [LOG] [Fast Refresh] done in 44ms @ webpack-internal:///(app-pages-browser)/./node_modules/.pnpm/next@16.1.6_@babel+core@7.29.0_react-dom@19.2.4_react@19.2.4__react@19.2.4/node_modules/next/dist/next-devtools/shared/forward-logs-shared.js:27
[   24776ms] [LOG] [Fast Refresh] rebuilding @ webpack-internal:///(app-pages-browser)/./node_modules/.pnpm/next@16.1.6_@babel+core@7.29.0_react-dom@19.2.4_react@19.2.4__react@19.2.4/node_modules/next/dist/next-devtools/shared/forward-logs-shared.js:27
[   24847ms] [LOG] [Fast Refresh] done in 70ms @ webpack-internal:///(app-pages-browser)/./node_modules/.pnpm/next@16.1.6_@babel+core@7.29.0_react-dom@19.2.4_react@19.2.4__react@19.2.4/node_modules/next/dist/next-devtools/shared/forward-logs-shared.js:27
[   25018ms] [LOG] [Fast Refresh] rebuilding @ webpack-internal:///(app-pages-browser)/./node_modules/.pnpm/next@16.1.6_@babel+core@7.29.0_react-dom@19.2.4_react@19.2.4__react@19.2.4/node_modules/next/dist/next-devtools/shared/forward-logs-shared.js:27
[   25064ms] [LOG] [Fast Refresh] done in 46ms @ webpack-internal:///(app-pages-browser)/./node_modules/.pnpm/next@16.1.6_@babel+core@7.29.0_react-dom@19.2.4_react@19.2.4__react@19.2.4/node_modules/next/dist/next-devtools/shared/forward-logs-shared.js:27
[   25244ms] [LOG] [Fast Refresh] rebuilding @ webpack-internal:///(app-pages-browser)/./node_modules/.pnpm/next@16.1.6_@babel+core@7.29.0_react-dom@19.2.4_react@19.2.4__react@19.2.4/node_modules/next/dist/next-devtools/shared/forward-logs-shared.js:27
[   25299ms] [LOG] [Fast Refresh] done in 55ms @ webpack-internal:///(app-pages-browser)/./node_modules/.pnpm/next@16.1.6_@babel+core@7.29.0_react-dom@19.2.4_react@19.2.4__react@19.2.4/node_modules/next/dist/next-devtools/shared/forward-logs-shared.js:27
